#-----------------------------------------------------------
# Vivado v2022.2 (64-bit)
# SW Build 3671981 on Fri Oct 14 05:00:03 MDT 2022
# IP Build 3669848 on Fri Oct 14 08:30:02 MDT 2022
# Start of session at: Fri Jun  6 15:56:31 2025
# Process ID: 32116
# Current directory: D:/Documents/Project/radiation_detection_pynq/radiation_detector/radiation_detector.runs/radiation_system_axi_gpio_0_0_synth_1
# Command line: vivado.exe -log radiation_system_axi_gpio_0_0.vds -product Vivado -mode batch -messageDb vivado.pb -notrace -source radiation_system_axi_gpio_0_0.tcl
# Log file: D:/Documents/Project/radiation_detection_pynq/radiation_detector/radiation_detector.runs/radiation_system_axi_gpio_0_0_synth_1/radiation_system_axi_gpio_0_0.vds
# Journal file: D:/Documents/Project/radiation_detection_pynq/radiation_detector/radiation_detector.runs/radiation_system_axi_gpio_0_0_synth_1\vivado.jou
# Running On: DESKTOP-UI9B5C1, OS: Windows, CPU Frequency: 3593 MHz, CPU Physical cores: 12, Host memory: 17124 MB
#-----------------------------------------------------------
source radiation_system_axi_gpio_0_0.tcl -notrace
